main.c:94:5:main	8	static
main.c:240:6:SystemClock_Config	88	static
main.c:285:13:MX_SPI1_Init	8	static
main.c:322:13:MX_TIM1_Init	32	static
main.c:368:13:MX_GPIO_Init	64	static
main.c:473:13:MX_FSMC_Init	40	static
main.c:526:6:AD7606_Reset	8	static
main.c:535:6:AD7606_StartConvst	8	static
main.c:544:6:AD7606_SetOS	8	static
main.c:553:6:AD7606_SetInputRange	8	static
main.c:561:6:HAL_GPIO_EXTI_Callback	16	static
main.c:578:6:HAL_TIM_PeriodElapsedCallback	16	static
main.c:595:6:Error_Handler	4	static,ignoring_inline_asm
