main.c:98:5:main	8	static
main.c:245:6:SystemClock_Config	88	static
main.c:290:13:MX_SPI1_Init	8	static
main.c:327:13:MX_TIM1_Init	32	static
main.c:373:13:MX_GPIO_Init	64	static
main.c:462:13:MX_FSMC_Init	40	static
main.c:515:6:AD7606_Reset	8	static
main.c:524:6:AD7606_StartConvst	8	static
main.c:533:6:AD7606_SetOS	8	static
main.c:542:6:AD7606_SetInputRange	8	static
main.c:550:6:HAL_GPIO_EXTI_Callback	16	static
main.c:567:6:HAL_TIM_PeriodElapsedCallback	16	static
main.c:585:6:Error_Handler	4	static,ignoring_inline_asm
